Component: ARM Compiler 5.06 update 5 (build 528) Tool: armlink [4d35e2]

==============================================================================

Section Cross References

    startup.o(STACK) refers (Special) to heapauxi.o(.text) for __use_two_region_memory
    startup.o(HEAP) refers (Special) to heapauxi.o(.text) for __use_two_region_memory
    startup.o(RESET) refers (Special) to heapauxi.o(.text) for __use_two_region_memory
    startup.o(RESET) refers to startup.o(STACK) for StackMem
    startup.o(RESET) refers to main.o(main) for __main
    startup.o(RESET) refers to outchar.o(.text) for OutChar
    startup.o(.text) refers (Special) to heapauxi.o(.text) for __use_two_region_memory
    startup.o(.text) refers to startup.o(HEAP) for HeapMem
    startup.o(.text) refers to startup.o(STACK) for StackMem
    main.o(main) refers to sysclock.o(routines) for PLLClock
    main.o(main) refers to gpio_init.o(routines) for KEY_INIT
    main.o(main) refers to outchar.o(.text) for OutChar
    main.o(main) refers to record.o(routines) for RECORD
    main.o(main) refers to itwoc.o(routines) for I2C0_INIT
    itwoc.o(routines) refers to gpio_init.o(routines) for DELAY
    record.o(routines) refers to gpio_init.o(routines) for DELAY
    record.o(routines) refers to outchar.o(.text) for OutChar


==============================================================================

Removing Unused input sections from the image.

    Removing inchar.o(.text), (188 bytes).
    Removing outstr.o(.text), (236 bytes).
    Removing startup.o(HEAP), (0 bytes).
    Removing startup.o(.text), (48 bytes).
    Removing main.o(sdata), (0 bytes).

5 unused section(s) (total 472 bytes) removed from the image.

==============================================================================

Image Symbol Table

    Local Symbols

    Symbol Name                              Value     Ov Type        Size  Object(Section)

    RESET                                    0x00000000   Section      652  startup.o(RESET)
    ../clib/heapaux.c                        0x00000000   Number         0  heapauxi.o ABSOLUTE
    GPIO_INIT.s                              0x00000000   Number         0  gpio_init.o ABSOLUTE
    InChar.s                                 0x00000000   Number         0  inchar.o ABSOLUTE
    ItwoC.s                                  0x00000000   Number         0  itwoc.o ABSOLUTE
    Main.s                                   0x00000000   Number         0  main.o ABSOLUTE
    OutChar.s                                0x00000000   Number         0  outchar.o ABSOLUTE
    OutStr.s                                 0x00000000   Number         0  outstr.o ABSOLUTE
    RECORD.s                                 0x00000000   Number         0  record.o ABSOLUTE
    SYSCLOCK.s                               0x00000000   Number         0  sysclock.o ABSOLUTE
    Startup.s                                0x00000000   Number         0  startup.o ABSOLUTE
    dc.s                                     0x00000000   Number         0  dc.o ABSOLUTE
    $v0                                      0x0000026c   Number         0  startup.o(RESET)
    .text                                    0x0000028c   Section      220  outchar.o(.text)
    $v0                                      0x0000028c   Number         0  outchar.o(.text)
    .text                                    0x00000368   Section        0  heapauxi.o(.text)
    main                                     0x00000370   Section      124  main.o(main)
    $v0                                      0x00000370   Number         0  main.o(main)
    routines                                 0x000003ec   Section      360  gpio_init.o(routines)
    $v0                                      0x000003ec   Number         0  gpio_init.o(routines)
    routines                                 0x00000554   Section       88  sysclock.o(routines)
    $v0                                      0x00000554   Number         0  sysclock.o(routines)
    routines                                 0x000005ac   Section      508  itwoc.o(routines)
    $v0                                      0x000005ac   Number         0  itwoc.o(routines)
    routines                                 0x000007a8   Section       92  record.o(routines)
    $v0                                      0x000007a8   Number         0  record.o(routines)
    STACK                                    0x20000000   Section     1024  startup.o(STACK)
    StackMem                                 0x20000000   Data           0  startup.o(STACK)

    Global Symbols

    Symbol Name                              Value     Ov Type        Size  Object(Section)

    BuildAttributes$$THM_ISAv4$E$P$D$K$B$S$7EM$VFPi3$EXTD16$VFPS$VFMA$PE$A:L22UL41UL21$X:L11$S22US41US21$IEEE1$IW$USESV6$~STKCKD$USESV7$~SHL$OSPACE$ROPI$EBA8$STANDARDLIB$REQ8$EABIv2 0x00000000   Number         0  anon$$obj.o ABSOLUTE
    __Vectors                                0x00000000   Data           0  startup.o(RESET)
    Reset_Handler                            0x0000026d   Thumb Code     0  startup.o(RESET)
    NMI_Handler                              0x00000271   Thumb Code     2  startup.o(RESET)
    HardFault_Handler                        0x00000273   Thumb Code    10  startup.o(RESET)
    MemManage_Handler                        0x0000027d   Thumb Code     2  startup.o(RESET)
    BusFault_Handler                         0x0000027f   Thumb Code     2  startup.o(RESET)
    UsageFault_Handler                       0x00000281   Thumb Code     2  startup.o(RESET)
    SVC_Handler                              0x00000283   Thumb Code     2  startup.o(RESET)
    DebugMon_Handler                         0x00000285   Thumb Code     2  startup.o(RESET)
    PendSV_Handler                           0x00000287   Thumb Code     2  startup.o(RESET)
    SysTick_Handler                          0x00000289   Thumb Code     2  startup.o(RESET)
    ADC0Seq0_Handler                         0x0000028b   Thumb Code     0  startup.o(RESET)
    ADC0Seq1_Handler                         0x0000028b   Thumb Code     0  startup.o(RESET)
    ADC0Seq2_Handler                         0x0000028b   Thumb Code     0  startup.o(RESET)
    ADC0Seq3_Handler                         0x0000028b   Thumb Code     0  startup.o(RESET)
    ADC1Seq0_Handler                         0x0000028b   Thumb Code     0  startup.o(RESET)
    ADC1Seq1_Handler                         0x0000028b   Thumb Code     0  startup.o(RESET)
    ADC1Seq2_Handler                         0x0000028b   Thumb Code     0  startup.o(RESET)
    ADC1Seq3_Handler                         0x0000028b   Thumb Code     0  startup.o(RESET)
    CAN0_Handler                             0x0000028b   Thumb Code     0  startup.o(RESET)
    CAN1_Handler                             0x0000028b   Thumb Code     0  startup.o(RESET)
    CAN2_Handler                             0x0000028b   Thumb Code     0  startup.o(RESET)
    Comp0_Handler                            0x0000028b   Thumb Code     0  startup.o(RESET)
    Comp1_Handler                            0x0000028b   Thumb Code     0  startup.o(RESET)
    Comp2_Handler                            0x0000028b   Thumb Code     0  startup.o(RESET)
    Ethernet_Handler                         0x0000028b   Thumb Code     0  startup.o(RESET)
    ExtBus_Handler                           0x0000028b   Thumb Code     0  startup.o(RESET)
    FPU_Handler                              0x0000028b   Thumb Code     0  startup.o(RESET)
    Fan0_Handler                             0x0000028b   Thumb Code     0  startup.o(RESET)
    FlashCtl_Handler                         0x0000028b   Thumb Code     0  startup.o(RESET)
    GPIOPortA_Handler                        0x0000028b   Thumb Code     0  startup.o(RESET)
    GPIOPortB_Handler                        0x0000028b   Thumb Code     0  startup.o(RESET)
    GPIOPortC_Handler                        0x0000028b   Thumb Code     0  startup.o(RESET)
    GPIOPortD_Handler                        0x0000028b   Thumb Code     0  startup.o(RESET)
    GPIOPortE_Handler                        0x0000028b   Thumb Code     0  startup.o(RESET)
    GPIOPortF_Handler                        0x0000028b   Thumb Code     0  startup.o(RESET)
    GPIOPortG_Handler                        0x0000028b   Thumb Code     0  startup.o(RESET)
    GPIOPortH_Handler                        0x0000028b   Thumb Code     0  startup.o(RESET)
    GPIOPortJ_Handler                        0x0000028b   Thumb Code     0  startup.o(RESET)
    GPIOPortK_Handler                        0x0000028b   Thumb Code     0  startup.o(RESET)
    GPIOPortL_Handler                        0x0000028b   Thumb Code     0  startup.o(RESET)
    GPIOPortM_Handler                        0x0000028b   Thumb Code     0  startup.o(RESET)
    GPIOPortN_Handler                        0x0000028b   Thumb Code     0  startup.o(RESET)
    GPIOPortP1_Handler                       0x0000028b   Thumb Code     0  startup.o(RESET)
    GPIOPortP2_Handler                       0x0000028b   Thumb Code     0  startup.o(RESET)
    GPIOPortP3_Handler                       0x0000028b   Thumb Code     0  startup.o(RESET)
    GPIOPortP4_Handler                       0x0000028b   Thumb Code     0  startup.o(RESET)
    GPIOPortP5_Handler                       0x0000028b   Thumb Code     0  startup.o(RESET)
    GPIOPortP6_Handler                       0x0000028b   Thumb Code     0  startup.o(RESET)
    GPIOPortP7_Handler                       0x0000028b   Thumb Code     0  startup.o(RESET)
    GPIOPortP_Handler                        0x0000028b   Thumb Code     0  startup.o(RESET)
    GPIOPortQ1_Handler                       0x0000028b   Thumb Code     0  startup.o(RESET)
    GPIOPortQ2_Handler                       0x0000028b   Thumb Code     0  startup.o(RESET)
    GPIOPortQ3_Handler                       0x0000028b   Thumb Code     0  startup.o(RESET)
    GPIOPortQ4_Handler                       0x0000028b   Thumb Code     0  startup.o(RESET)
    GPIOPortQ5_Handler                       0x0000028b   Thumb Code     0  startup.o(RESET)
    GPIOPortQ6_Handler                       0x0000028b   Thumb Code     0  startup.o(RESET)
    GPIOPortQ7_Handler                       0x0000028b   Thumb Code     0  startup.o(RESET)
    GPIOPortQ_Handler                        0x0000028b   Thumb Code     0  startup.o(RESET)
    GPIOPortR_Handler                        0x0000028b   Thumb Code     0  startup.o(RESET)
    GPIOPortS_Handler                        0x0000028b   Thumb Code     0  startup.o(RESET)
    Hibernate_Handler                        0x0000028b   Thumb Code     0  startup.o(RESET)
    I2C0_Handler                             0x0000028b   Thumb Code     0  startup.o(RESET)
    I2C1_Handler                             0x0000028b   Thumb Code     0  startup.o(RESET)
    I2C2_Handler                             0x0000028b   Thumb Code     0  startup.o(RESET)
    I2C3_Handler                             0x0000028b   Thumb Code     0  startup.o(RESET)
    I2C4_Handler                             0x0000028b   Thumb Code     0  startup.o(RESET)
    I2C5_Handler                             0x0000028b   Thumb Code     0  startup.o(RESET)
    I2S0_Handler                             0x0000028b   Thumb Code     0  startup.o(RESET)
    LPC0_Handler                             0x0000028b   Thumb Code     0  startup.o(RESET)
    PECI0_Handler                            0x0000028b   Thumb Code     0  startup.o(RESET)
    PWM0Fault_Handler                        0x0000028b   Thumb Code     0  startup.o(RESET)
    PWM0Generator0_Handler                   0x0000028b   Thumb Code     0  startup.o(RESET)
    PWM0Generator1_Handler                   0x0000028b   Thumb Code     0  startup.o(RESET)
    PWM0Generator2_Handler                   0x0000028b   Thumb Code     0  startup.o(RESET)
    PWM0Generator3_Handler                   0x0000028b   Thumb Code     0  startup.o(RESET)
    PWM1Fault_Handler                        0x0000028b   Thumb Code     0  startup.o(RESET)
    PWM1Generator0_Handler                   0x0000028b   Thumb Code     0  startup.o(RESET)
    PWM1Generator1_Handler                   0x0000028b   Thumb Code     0  startup.o(RESET)
    PWM1Generator2_Handler                   0x0000028b   Thumb Code     0  startup.o(RESET)
    PWM1Generator3_Handler                   0x0000028b   Thumb Code     0  startup.o(RESET)
    Quadrature0_Handler                      0x0000028b   Thumb Code     0  startup.o(RESET)
    Quadrature1_Handler                      0x0000028b   Thumb Code     0  startup.o(RESET)
    Quadrature2_Handler                      0x0000028b   Thumb Code     0  startup.o(RESET)
    SSI0_Handler                             0x0000028b   Thumb Code     0  startup.o(RESET)
    SSI1_Handler                             0x0000028b   Thumb Code     0  startup.o(RESET)
    SSI2_Handler                             0x0000028b   Thumb Code     0  startup.o(RESET)
    SSI3_Handler                             0x0000028b   Thumb Code     0  startup.o(RESET)
    SysCtl_Handler                           0x0000028b   Thumb Code     0  startup.o(RESET)
    Timer0A_Handler                          0x0000028b   Thumb Code     0  startup.o(RESET)
    Timer0B_Handler                          0x0000028b   Thumb Code     0  startup.o(RESET)
    Timer1A_Handler                          0x0000028b   Thumb Code     0  startup.o(RESET)
    Timer1B_Handler                          0x0000028b   Thumb Code     0  startup.o(RESET)
    Timer2A_Handler                          0x0000028b   Thumb Code     0  startup.o(RESET)
    Timer2B_Handler                          0x0000028b   Thumb Code     0  startup.o(RESET)
    Timer3A_Handler                          0x0000028b   Thumb Code     0  startup.o(RESET)
    Timer3B_Handler                          0x0000028b   Thumb Code     0  startup.o(RESET)
    Timer4A_Handler                          0x0000028b   Thumb Code     0  startup.o(RESET)
    Timer4B_Handler                          0x0000028b   Thumb Code     0  startup.o(RESET)
    Timer5A_Handler                          0x0000028b   Thumb Code     0  startup.o(RESET)
    Timer5B_Handler                          0x0000028b   Thumb Code     0  startup.o(RESET)
    UART0_Handler                            0x0000028b   Thumb Code     0  startup.o(RESET)
    UART1_Handler                            0x0000028b   Thumb Code     0  startup.o(RESET)
    UART2_Handler                            0x0000028b   Thumb Code     0  startup.o(RESET)
    UART3_Handler                            0x0000028b   Thumb Code     0  startup.o(RESET)
    UART4_Handler                            0x0000028b   Thumb Code     0  startup.o(RESET)
    UART5_Handler                            0x0000028b   Thumb Code     0  startup.o(RESET)
    UART6_Handler                            0x0000028b   Thumb Code     0  startup.o(RESET)
    UART7_Handler                            0x0000028b   Thumb Code     0  startup.o(RESET)
    USB0_Handler                             0x0000028b   Thumb Code     0  startup.o(RESET)
    WDT_Handler                              0x0000028b   Thumb Code     0  startup.o(RESET)
    WideTimer0A_Handler                      0x0000028b   Thumb Code     0  startup.o(RESET)
    WideTimer0B_Handler                      0x0000028b   Thumb Code     0  startup.o(RESET)
    WideTimer1A_Handler                      0x0000028b   Thumb Code     0  startup.o(RESET)
    WideTimer1B_Handler                      0x0000028b   Thumb Code     0  startup.o(RESET)
    WideTimer2A_Handler                      0x0000028b   Thumb Code     0  startup.o(RESET)
    WideTimer2B_Handler                      0x0000028b   Thumb Code     0  startup.o(RESET)
    WideTimer3A_Handler                      0x0000028b   Thumb Code     0  startup.o(RESET)
    WideTimer3B_Handler                      0x0000028b   Thumb Code     0  startup.o(RESET)
    WideTimer4A_Handler                      0x0000028b   Thumb Code     0  startup.o(RESET)
    WideTimer4B_Handler                      0x0000028b   Thumb Code     0  startup.o(RESET)
    WideTimer5A_Handler                      0x0000028b   Thumb Code     0  startup.o(RESET)
    WideTimer5B_Handler                      0x0000028b   Thumb Code     0  startup.o(RESET)
    uDMA_Error                               0x0000028b   Thumb Code     0  startup.o(RESET)
    uDMA_Handler                             0x0000028b   Thumb Code     0  startup.o(RESET)
    OutChar                                  0x0000028d   Thumb Code     0  outchar.o(.text)
    __use_two_region_memory                  0x00000369   Thumb Code     2  heapauxi.o(.text)
    __rt_heap_escrow$2region                 0x0000036b   Thumb Code     2  heapauxi.o(.text)
    __rt_heap_expand$2region                 0x0000036d   Thumb Code     2  heapauxi.o(.text)
    __main                                   0x00000371   Thumb Code     0  main.o(main)
    KEY_INIT                                 0x000003ed   Thumb Code    92  gpio_init.o(routines)
    ADC0_INIT                                0x00000449   Thumb Code   144  gpio_init.o(routines)
    DELAY                                    0x000004d9   Thumb Code    24  gpio_init.o(routines)
    DELAY100                                 0x000004f1   Thumb Code    24  gpio_init.o(routines)
    PLLClock                                 0x00000555   Thumb Code    82  sysclock.o(routines)
    I2C0_INIT                                0x000005ad   Thumb Code   150  itwoc.o(routines)
    I2C0_SEND                                0x00000643   Thumb Code   110  itwoc.o(routines)
    ADC1_INIT                                0x000006b1   Thumb Code   148  itwoc.o(routines)
    RECORD                                   0x000007a9   Thumb Code    76  record.o(routines)



==============================================================================

Memory Map of the image

  Image Entry point : 0x0000026d

  Load Region LR_1 (Base: 0x00000000, Size: 0x00000c04, Max: 0xffffffff, ABSOLUTE)

    Execution Region ER_RO (Exec base: 0x00000000, Load base: 0x00000000, Size: 0x00000804, Max: 0xffffffff, ABSOLUTE)

    Exec Addr    Load Addr    Size         Type   Attr      Idx    E Section Name        Object

    0x00000000   0x00000000   0x0000028c   Code   RO           14  * RESET               startup.o
    0x0000028c   0x0000028c   0x000000dc   Code   RO            6    .text               outchar.o
    0x00000368   0x00000368   0x00000006   Code   RO           43    .text               c_w.l(heapauxi.o)
    0x0000036e   0x0000036e   0x00000002   PAD
    0x00000370   0x00000370   0x0000007c   Code   RO           22    main                main.o
    0x000003ec   0x000003ec   0x00000168   Code   RO           25    routines            gpio_init.o
    0x00000554   0x00000554   0x00000058   Code   RO           29    routines            sysclock.o
    0x000005ac   0x000005ac   0x000001fc   Code   RO           33    routines            itwoc.o
    0x000007a8   0x000007a8   0x0000005c   Code   RO           37    routines            record.o


    Execution Region ER_RW (Exec base: 0x20000000, Load base: 0x00000804, Size: 0x00000400, Max: 0xffffffff, ABSOLUTE)

    Exec Addr    Load Addr    Size         Type   Attr      Idx    E Section Name        Object

    0x20000000   0x00000804   0x00000400   Data   RW           12    STACK               startup.o


    Execution Region ER_ZI (Exec base: 0x20000400, Load base: 0x00000c04, Size: 0x00000000, Max: 0xffffffff, ABSOLUTE)

    **** No section assigned to this execution region ****


==============================================================================

Image component sizes


      Code (inc. data)   RO Data    RW Data    ZI Data      Debug   Object Name

       360         76          0          0          0        592   gpio_init.o
         0          0          0          0          0         32   inchar.o
       508        100          0          0          0        600   itwoc.o
       124          8          0          0          0        272   main.o
       220         52          0          0          0        312   outchar.o
        92         16          0          0          0        400   record.o
       652        620          0       1024          0        772   startup.o
        88          6          0          0          0        408   sysclock.o

    ----------------------------------------------------------------------
      2044        878          0       1024          0       3388   Object Totals
         0          0          0          0          0          0   (incl. Generated)
         0          0          0          0          0          0   (incl. Padding)

    ----------------------------------------------------------------------

      Code (inc. data)   RO Data    RW Data    ZI Data      Debug   Library Member Name

         6          0          0          0          0        152   heapauxi.o

    ----------------------------------------------------------------------
         8          0          0          0          0        152   Library Totals
         2          0          0          0          0          0   (incl. Padding)

    ----------------------------------------------------------------------

      Code (inc. data)   RO Data    RW Data    ZI Data      Debug   Library Name

         6          0          0          0          0        152   c_w.l

    ----------------------------------------------------------------------
         8          0          0          0          0        152   Library Totals

    ----------------------------------------------------------------------

==============================================================================


      Code (inc. data)   RO Data    RW Data    ZI Data      Debug   

      2052        878          0       1024          0       3140   Grand Totals
      2052        878          0       1024          0       3140   ELF Image Totals
      2052        878          0       1024          0          0   ROM Totals

==============================================================================

    Total RO  Size (Code + RO Data)                 2052 (   2.00kB)
    Total RW  Size (RW Data + ZI Data)              1024 (   1.00kB)
    Total ROM Size (Code + RO Data + RW Data)       3076 (   3.00kB)

==============================================================================

